Microchip MPLAB XC8 Compiler V2.31

Linker command line:

-W-3 --edf=C:\Program Files\Microchip\xc8\v2.31\pic\dat\en_msgs.txt -cn \
  -h+dist/default/production\Lab2.X.production.sym \
  --cmf=dist/default/production\Lab2.X.production.cmf -z -Q16F887 \
  -oC:\Users\jonam\AppData\Local\Temp\sa9g.2 --defsym=__MPLAB_BUILD=1 \
  -Mdist/default/production/Lab2.X.production.map -E1 -ver=XC8 Compiler \
  -ASTACK=0110h-016Fh -pstack=STACK -ACODE=00h-07FFhx4 -ASTRCODE=00h-01FFFh \
  -ASTRING=00h-0FFhx32 -ACONST=00h-0FFhx32 -AENTRY=00h-0FFhx32 \
  -ACOMMON=070h-07Fh -ABANK0=020h-06Fh -ABANK1=0A0h-0EFh \
  -ABANK2=0110h-016Fh -ABANK3=0190h-01EFh \
  -ARAM=020h-06Fh,0A0h-0EFh,0110h-016Fh,0190h-01EFh \
  -AABS1=020h-07Fh,0A0h-0EFh,0110h-016Fh,0190h-01EFh -ASFR0=00h-01Fh \
  -ASFR1=080h-09Fh -ASFR2=0100h-010Fh -ASFR3=0180h-018Fh \
  -ACONFIG=02007h-02008h -DCONFIG=2 -AIDLOC=02000h-02003h -DIDLOC=2 \
  -AEEDATA=00h-0FFh/02100h -peeprom_data=EEDATA -DEEDATA=2 -DCODE=2 \
  -DSTRCODE=2 -DSTRING=2 -DCONST=2 -DENTRY=2 \
  -preset_vec=00h,intentry=04h,init,end_init -ppowerup=CODE -pcinit=CODE \
  -pfunctab=ENTRY -k C:\Users\jonam\AppData\Local\Temp\sa9g.o \
  dist/default/production\Lab2.X.production.o 

Object code version is 3.11

Machine type is 16F887



                Name                               Link     Load   Length Selector   Space Scale
C:\Users\jonam\AppData\Local\Temp\sa9g.o
                end_init                              C        C        3        8       0
                reset_vec                             0        0        3        0       0
                config                             2007     2007        2        0       4
dist/default/production\Lab2.X.production.o
                cinit                                 F        F       14        8       0
                intentry                              4        4        8        8       0
                text3_split_1                        23       23      645        8       0
                config                             2007     2007        2        0       4
                text39                             1D61     1D61        8     3AC2       0
                text38                             1E89     1E89       29     3D12       0
                text37                             1D8D     1D8D        C     3B1A       0
                text36                             1E00     1E00       1E     3C00       0
                text35                             12C1     12C1       82     2582       0
                text34                             1EB2     1EB2       29     3D64       0
                text33                              802      802        5     1004       0
                text32                             1F7C     1F7C       3E     3EF8       0
                text31                             1E1E     1E1E       20     3C3C       0
                text30                             1D99     1D99        D     3B32       0
                text29                             14B4     14B4       E9     2968       0
                text28                             1249     1249       78     2492       0
                text27                             1D69     1D69        8     3AD2       0
                text26                             1D79     1D79        A     3AF2       0
                text25                             1E63     1E63       26     3CC6       0
                text24                             1DB8     1DB8       15     3B70       0
                text23                             1F06     1F06       3A     3E0C       0
                text22                             1D83     1D83        A     3B06       0
                text21                             16CA     16CA      136     2D94       0
                text20                             1E3E     1E3E       25     3C7C       0
                text19                             1343     1343       8C     2686       0
                text18                             1178     1178       68     22F0       0
                text17                             1122     1122       56     2244       0
                text16                             10A9     10A9       33     2152       0
                text15                             1EDB     1EDB       2B     3DB6       0
                text14                             159D     159D      12D     2B3A       0
                text13                              807      807       BD     100E       0
                text12                             1DCD     1DCD       17     3B9A       0
                text11                             13CF     13CF       E5     279E       0
                text10                             1FBA     1FBA       46     3F74       0
                text9                              1F40     1F40       3C     3E80       0
                text8                               8C4      8C4      1A9     1188       0
                text7                              1DA6     1DA6       12     3B4C       0
                text6                              11E0     11E0       69     23C0       0
                text5                               7A2      7A2       5B        8       0
                text4                               A6D      A6D      2BB     14DA       0
                text3                               D28      D28      2D8     1A50       0
                text2                              1DE4     1DE4       1C     3BC8       0
                text1                              10DC     10DC       46     21B8       0
                maintext                            668      668      13A        8       0
                cstackBANK0                          20       20       4E       20       1
                cstackCOMMON                         70       70        8       70       1
                cstackBANK1                          A0       A0       1F       A0       1
                clrtext                            1D71     1D71        8     3AE2       0
                bssBANK1                             BF       BF       1A       A0       1
                bssBANK0                             6E       6E        2       20       1
                bssCOMMON                            78       78        3       70       1
                strings                            1000     1000       A6     2000       0

TOTAL           Name                               Link     Load   Length     Space
        CLASS   STACK          

        CLASS   CODE           
                end_init                              C        C        3         0
                cinit                                 F        F       14         0
                intentry                              4        4        8         0
                reset_vec                             0        0        3         0
                text3_split_1                        23       23      645         0
                text39                             1D61     1D61        8         0
                text38                             1E89     1E89       29         0
                text37                             1D8D     1D8D        C         0
                text36                             1E00     1E00       1E         0
                text35                             12C1     12C1       82         0
                text34                             1EB2     1EB2       29         0
                text33                              802      802        5         0
                text32                             1F7C     1F7C       3E         0
                text31                             1E1E     1E1E       20         0
                text30                             1D99     1D99        D         0
                text29                             14B4     14B4       E9         0
                text28                             1249     1249       78         0
                text27                             1D69     1D69        8         0
                text26                             1D79     1D79        A         0
                text25                             1E63     1E63       26         0
                text24                             1DB8     1DB8       15         0
                text23                             1F06     1F06       3A         0
                text22                             1D83     1D83        A         0
                text21                             16CA     16CA      136         0
                text20                             1E3E     1E3E       25         0
                text19                             1343     1343       8C         0
                text18                             1178     1178       68         0
                text17                             1122     1122       56         0
                text16                             10A9     10A9       33         0
                text15                             1EDB     1EDB       2B         0
                text14                             159D     159D      12D         0
                text13                              807      807       BD         0
                text12                             1DCD     1DCD       17         0
                text11                             13CF     13CF       E5         0
                text10                             1FBA     1FBA       46         0
                text9                              1F40     1F40       3C         0
                text8                               8C4      8C4      1A9         0
                text7                              1DA6     1DA6       12         0
                text6                              11E0     11E0       69         0
                text5                               7A2      7A2       5B         0
                text4                               A6D      A6D      2BB         0
                text3                               D28      D28      2D8         0
                text2                              1DE4     1DE4       1C         0
                text1                              10DC     10DC       46         0
                maintext                            668      668      13A         0
                clrtext                            1D71     1D71        8         0

        CLASS   STRCODE        

        CLASS   STRING         
                strings                            1000     1000       A6         0

        CLASS   CONST          

        CLASS   ENTRY          

        CLASS   COMMON         
                cstackCOMMON                         70       70        8         1
                bssCOMMON                            78       78        3         1

        CLASS   BANK0          
                cstackBANK0                          20       20       4E         1
                bssBANK0                             6E       6E        2         1

        CLASS   BANK1          
                cstackBANK1                          A0       A0       1F         1
                bssBANK1                             BF       BF       1A         1

        CLASS   BANK2          

        CLASS   BANK3          

        CLASS   RAM            

        CLASS   ABS1           
                abs_s1                               7E       7E        2         1

        CLASS   SFR0           

        CLASS   SFR1           

        CLASS   SFR2           

        CLASS   SFR3           

        CLASS   CONFIG         
                config                             2007     2007        2         4

        CLASS   IDLOC          

        CLASS   EEDATA         



SEGMENTS        Name                           Load    Length   Top    Selector   Space  Class     Delta

                reset_vec                      000000  000003  000003         0       0  CODE        2
                intentry                       000004  0007F9  0007FD         8       0  CODE        2
                cstackBANK0                    000020  000050  000070        20       1  BANK0       1
                cstackCOMMON                   000070  00000B  00007B        70       1  COMMON      1
                cstackBANK1                    0000A0  000039  0000D9        A0       1  BANK1       1
                text33                         000802  000005  000807      1004       0  CODE        2
                text13                         000807  0000BD  0008C4      100E       0  CODE        2
                text8                          0008C4  0001A9  000A6D      1188       0  CODE        2
                text4                          000A6D  0002BB  000D28      14DA       0  CODE        2
                text3                          000D28  0002D8  001000      1A50       0  CODE        2
                strings                        001000  0000A6  0010A6      2000       0  STRING      2
                text16                         0010A9  000033  0010DC      2152       0  CODE        2
                text1                          0010DC  000046  001122      21B8       0  CODE        2
                text17                         001122  000056  001178      2244       0  CODE        2
                text18                         001178  000068  0011E0      22F0       0  CODE        2
                text6                          0011E0  000069  001249      23C0       0  CODE        2
                text28                         001249  000078  0012C1      2492       0  CODE        2
                text35                         0012C1  000082  001343      2582       0  CODE        2
                text19                         001343  00008C  0013CF      2686       0  CODE        2
                text11                         0013CF  0000E5  0014B4      279E       0  CODE        2
                text29                         0014B4  0000E9  00159D      2968       0  CODE        2
                text14                         00159D  00012D  0016CA      2B3A       0  CODE        2
                text21                         0016CA  000136  001800      2D94       0  CODE        2
                text39                         001D61  000008  001D69      3AC2       0  CODE        2
                text27                         001D69  000008  001D71      3AD2       0  CODE        2
                clrtext                        001D71  000008  001D79      3AE2       0  CODE        2
                text26                         001D79  00000A  001D83      3AF2       0  CODE        2
                text22                         001D83  00000A  001D8D      3B06       0  CODE        2
                text37                         001D8D  00000C  001D99      3B1A       0  CODE        2
                text30                         001D99  00000D  001DA6      3B32       0  CODE        2
                text7                          001DA6  000012  001DB8      3B4C       0  CODE        2
                text24                         001DB8  000015  001DCD      3B70       0  CODE        2
                text12                         001DCD  000017  001DE4      3B9A       0  CODE        2
                text2                          001DE4  00001C  001E00      3BC8       0  CODE        2
                text36                         001E00  00001E  001E1E      3C00       0  CODE        2
                text31                         001E1E  000020  001E3E      3C3C       0  CODE        2
                text20                         001E3E  000025  001E63      3C7C       0  CODE        2
                text25                         001E63  000026  001E89      3CC6       0  CODE        2
                text38                         001E89  000029  001EB2      3D12       0  CODE        2
                text34                         001EB2  000029  001EDB      3D64       0  CODE        2
                text15                         001EDB  00002B  001F06      3DB6       0  CODE        2
                text23                         001F06  00003A  001F40      3E0C       0  CODE        2
                text9                          001F40  00003C  001F7C      3E80       0  CODE        2
                text32                         001F7C  00003E  001FBA      3EF8       0  CODE        2
                text10                         001FBA  000046  002000      3F74       0  CODE        2


UNUSED ADDRESS RANGES

        Name                Unused          Largest block    Delta
        BANK1            000D9-000EF              17           1
        BANK2            00110-0016F              60           1
        BANK3            00190-001EF              60           1
        CODE             00003-00003               1           2
                         007FD-00801               3
                         010A6-010A8               3
                         01800-01D60             561
        COMMON           0007B-0007D               3           1
        CONST            00003-00003               1           2
                         007FD-00801               3
                         010A6-010A8               3
                         01800-01D60             100
        EEDATA           02100-021FF             100           2
        ENTRY            00003-00003               1           2
                         007FD-00801               3
                         010A6-010A8               3
                         01800-01D60             100
        IDLOC            02000-02003               4           2
        RAM              000D9-000EF              17           1
                         00110-0016F              60
                         00190-001EF              60
        SFR0             00000-0001F              20           1
        SFR1             00080-0009F              20           1
        SFR2             00100-0010F              10           1
        SFR3             00180-0018F              10           1
        STACK            00110-0016F              60           1
        STRCODE          00003-00003               1           2
                         007FD-00801               5
                         010A6-010A8               3
                         01800-01D60             561
        STRING           00003-00003               1           2
                         007FD-00801               3
                         010A6-010A8               3
                         01800-01D60             100

                                  Symbol Table

?___awdiv                    cstackBANK0  00022
?___awmod                    cstackCOMMON 00073
?___awtoft                   cstackBANK0  00023
?___ftadd                    cstackBANK0  0004F
?___ftmul                    cstackBANK0  0002F
?___ftneg                    cstackCOMMON 00073
?___ftpack                   cstackCOMMON 00073
?___ftsub                    cstackBANK0  0005C
?___fttol                    cstackBANK0  00048
?___lldiv                    cstackBANK0  00020
?___llmod                    cstackBANK0  0002D
?___lltoft                   cstackBANK0  00023
?___lwdiv                    cstackBANK0  00021
?___lwmod                    cstackCOMMON 00073
?___wmul                     cstackCOMMON 00073
?__div_to_l_                 cstackBANK0  00020
?__tdiv_to_l_                cstackBANK0  00020
?_fround                     cstackBANK0  0003F
?_scale                      cstackBANK0  0003F
?_sprintf                    cstackBANK0  00062
CMDs@a                       cstackCOMMON 00076
Write_USART@a                cstackCOMMON 00073
Write_USART_String@a         cstackCOMMON 00075
Write_USART_String@i         cstackCOMMON 00076
_ADC0                        bssBANK0     0006F
_ADC1                        bssBANK0     0006E
_ADCON0bits                  (abs)        0001F
_ADCON1                      (abs)        0009F
_ADRESH                      (abs)        0001E
_ANSEL                       (abs)        00188
_ANSELH                      (abs)        00189
_ANSELHbits                  (abs)        00189
_ANSELbits                   (abs)        00188
_BUFFER                      bssBANK1     000C5
_CMDs                        text31       01E1E
_INTCONbits                  (abs)        0000B
_ISR                         text38       01E89
_PIE1bits                    (abs)        0008C
_PIR1bits                    (abs)        0000C
_PORTC                       (abs)        00007
_PORTD                       (abs)        00008
_PORTE                       (abs)        00009
_RCIF                        (abs)        00065
_RCREG                       (abs)        0001A
_RCSTAbits                   (abs)        00018
_RD0                         (abs)        00040
_RD1                         (abs)        00041
_RD2                         (abs)        00042
_RD3                         (abs)        00043
_RD4                         (abs)        00044
_RD5                         (abs)        00045
_RD6                         (abs)        00046
_RD7                         (abs)        00047
_RE0                         (abs)        00048
_RE1                         (abs)        00049
_Read_USART                  text39       01D61
_SPBRG                       (abs)        00099
_TRISA                       (abs)        00085
_TRISAbits                   (abs)        00085
_TRISBbits                   (abs)        00086
_TRISD                       (abs)        00088
_TRISE                       (abs)        00089
_TRISEbits                   (abs)        00089
_TRMT                        (abs)        004C1
_TXREG                       (abs)        00019
_TXSTAbits                   (abs)        00098
_V1                          bssBANK1     000C2
_V2                          bssBANK1     000BF
_Write_USART                 text37       01D8D
_Write_USART_String          text36       01E00
__Habs1                      abs1         00000
__Hbank0                     bank0        00000
__Hbank1                     bank1        00000
__Hbank2                     bank2        00000
__Hbank3                     bank3        00000
__HbssBANK0                  bssBANK0     00000
__HbssBANK1                  bssBANK1     00000
__HbssCOMMON                 bssCOMMON    00000
__Hcinit                     cinit        00023
__Hclrtext                   clrtext      00000
__Hcode                      code         00000
__Hcommon                    common       00000
__Hconfig                    config       02009
__HcstackBANK0               cstackBANK0  00000
__HcstackBANK1               cstackBANK1  00000
__HcstackCOMMON              cstackCOMMON 00000
__Heeprom_data               eeprom_data  00000
__Hend_init                  end_init     0000F
__Hfunctab                   functab      00000
__Hinit                      init         0000C
__Hintentry                  intentry     0000C
__Hmaintext                  maintext     00000
__Hpowerup                   powerup      00000
__Hram                       ram          00000
__Hreset_vec                 reset_vec    00003
__Hsfr0                      sfr0         00000
__Hsfr1                      sfr1         00000
__Hsfr2                      sfr2         00000
__Hsfr3                      sfr3         00000
__Hspace_0                   (abs)        02000
__Hspace_1                   (abs)        000D9
__Hspace_2                   (abs)        00000
__Hspace_3                   (abs)        00000
__Hspace_4                   (abs)        04010
__Hstack                     stack        00000
__Hstrings                   strings      00000
__Htext                      text         00000
__Labs1                      abs1         00000
__Lbank0                     bank0        00000
__Lbank1                     bank1        00000
__Lbank2                     bank2        00000
__Lbank3                     bank3        00000
__LbssBANK0                  bssBANK0     00000
__LbssBANK1                  bssBANK1     00000
__LbssCOMMON                 bssCOMMON    00000
__Lcinit                     cinit        0000F
__Lclrtext                   clrtext      00000
__Lcode                      code         00000
__Lcommon                    common       00000
__Lconfig                    config       00000
__LcstackBANK0               cstackBANK0  00000
__LcstackBANK1               cstackBANK1  00000
__LcstackCOMMON              cstackCOMMON 00000
__Leeprom_data               eeprom_data  00000
__Lend_init                  end_init     0000C
__Lfunctab                   functab      00000
__Linit                      init         0000C
__Lintentry                  intentry     00004
__Lmaintext                  maintext     00000
__Lpowerup                   powerup      00000
__Lram                       ram          00000
__Lreset_vec                 reset_vec    00000
__Lsfr0                      sfr0         00000
__Lsfr1                      sfr1         00000
__Lsfr2                      sfr2         00000
__Lsfr3                      sfr3         00000
__Lspace_0                   (abs)        00000
__Lspace_1                   (abs)        00000
__Lspace_2                   (abs)        00000
__Lspace_3                   (abs)        00000
__Lspace_4                   (abs)        00000
__Lstack                     stack        00000
__Lstrings                   strings      00000
__Ltext                      text         00000
__S0                         (abs)        02000
__S1                         (abs)        000D9
__S2                         (abs)        00000
__S3                         (abs)        00000
___awdiv                     text6        011E0
___awdiv@counter             cstackBANK0  00027
___awdiv@dividend            cstackBANK0  00024
___awdiv@divisor             cstackBANK0  00022
___awdiv@quotient            cstackBANK0  00029
___awdiv@sign                cstackBANK0  00028
___awmod                     text5        007A2
___awmod@counter             cstackBANK0  00020
___awmod@dividend            cstackCOMMON 00075
___awmod@divisor             cstackCOMMON 00073
___awmod@sign                cstackBANK0  00021
___awtoft                    text34       01EB2
___awtoft@c                  cstackBANK0  00023
___awtoft@sign               cstackBANK0  00028
___bmul                      text12       01DCD
___bmul@multiplicand         cstackBANK0  0002B
___bmul@multiplier           cstackBANK0  0002E
___bmul@product              cstackBANK0  0002D
___ftadd                     text21       016CA
___ftadd@exp1                cstackBANK0  0005B
___ftadd@exp2                cstackBANK0  0005A
___ftadd@f1                  cstackBANK0  0004F
___ftadd@f2                  cstackBANK0  00052
___ftadd@sign                cstackBANK0  00059
___ftge                      text23       01F06
___ftge@ff1                  cstackBANK0  00020
___ftge@ff2                  cstackBANK0  00023
___ftmul                     text11       013CF
___ftmul@cntr                cstackBANK0  0003D
___ftmul@exp                 cstackBANK0  00039
___ftmul@f1                  cstackBANK0  0002F
___ftmul@f2                  cstackBANK0  00032
___ftmul@f3_as_product       cstackBANK0  0003A
___ftmul@sign                cstackBANK0  0003E
___ftneg                     text22       01D83
___ftneg@f1                  cstackCOMMON 00073
___ftpack                    text35       012C1
___ftpack@arg                cstackCOMMON 00073
___ftpack@exp                cstackCOMMON 00076
___ftpack@sign               cstackCOMMON 00077
___ftsub                     text20       01E3E
___ftsub@f1                  cstackBANK0  0005F
___ftsub@f2                  cstackBANK0  0005C
___fttol                     text19       01343
___fttol@exp1                cstackBANK0  00055
___fttol@f1                  cstackBANK0  00048
___fttol@lval                cstackBANK0  00051
___fttol@sign1               cstackBANK0  00050
___int_sp                    stack        00000
___latbits                   (abs)        00002
___lldiv                     text18       01178
___lldiv@counter             cstackBANK0  0002C
___lldiv@dividend            cstackBANK0  00024
___lldiv@divisor             cstackBANK0  00020
___lldiv@quotient            cstackBANK0  00028
___llmod                     text17       01122
___llmod@counter             cstackCOMMON 00075
___llmod@dividend            cstackBANK0  00031
___llmod@divisor             cstackBANK0  0002D
___lltoft                    text16       010A9
___lltoft@c                  cstackBANK0  00023
___lltoft@exp                cstackBANK0  00028
___lwdiv                     text10       01FBA
___lwdiv@counter             cstackBANK0  00026
___lwdiv@dividend            cstackBANK0  00023
___lwdiv@divisor             cstackBANK0  00021
___lwdiv@quotient            cstackBANK0  00027
___lwmod                     text9        01F40
___lwmod@counter             cstackBANK0  00020
___lwmod@dividend            cstackCOMMON 00075
___lwmod@divisor             cstackCOMMON 00073
___sp                        stack        00000
___stackhi                   (abs)        00000
___stacklo                   (abs)        00000
___wmul                      text15       01EDB
___wmul@multiplicand         cstackCOMMON 00075
___wmul@multiplier           cstackCOMMON 00073
___wmul@product              cstackBANK0  00020
__baudios                    text33       00802
__div_to_l_                  text14       0159D
__div_to_l_@cntr             cstackBANK0  00032
__div_to_l_@exp1             cstackBANK0  00033
__div_to_l_@f1               cstackBANK0  00020
__div_to_l_@f2               cstackBANK0  00023
__div_to_l_@quot             cstackBANK0  0002E
__end_of_CMDs                text31       01E3E
__end_of_ISR                 text38       01EB2
__end_of_Read_USART          text39       01D69
__end_of_Write_USART         text37       01D99
__end_of_Write_USART_String  text36       01E1E
__end_of___awdiv             text6        01249
__end_of___awmod             text5        007FD
__end_of___awtoft            text34       01EDB
__end_of___bmul              text12       01DE4
__end_of___ftadd             text21       01800
__end_of___ftge              text23       01F40
__end_of___ftmul             text11       014B4
__end_of___ftneg             text22       01D8D
__end_of___ftpack            text35       01343
__end_of___ftsub             text20       01E63
__end_of___fttol             text19       013CF
__end_of___lldiv             text18       011E0
__end_of___llmod             text17       01178
__end_of___lltoft            text16       010DC
__end_of___lwdiv             text10       02000
__end_of___lwmod             text9        01F7C
__end_of___wmul              text15       01F06
__end_of__baudios            text33       00807
__end_of__div_to_l_          text14       016CA
__end_of__initialization     cinit        0001F
__end_of__npowers_           strings      0105E
__end_of__powers_            strings      01037
__end_of__stringtab          strings      01010
__end_of__tdiv_to_l_         text13       008C4
__end_of_clear_LCD           text30       01DA6
__end_of_configADC           text29       0159D
__end_of_configLCD           text28       012C1
__end_of_config_rc           text27       01D71
__end_of_config_tx           text26       01D83
__end_of_cursor              text25       01E89
__end_of_dpowers             strings      01086
__end_of_fround              text8        00A6D
__end_of_isdigit             text7        01DB8
__end_of_main                maintext     007A2
__end_of_pin                 text32       01FBA
__end_of_scale               text4        00D28
__end_of_setup               text24       01DCD
__end_of_sprintf             text3_split_1 00668
__end_of_write_char          text2        01E00
__end_of_write_string        text1        01122
__initialization             cinit        0000F
__npowers_                   strings      01037
__pbssBANK0                  bssBANK0     0006E
__pbssBANK1                  bssBANK1     000BF
__pbssCOMMON                 bssCOMMON    00078
__pcstackBANK0               cstackBANK0  00020
__pcstackBANK1               cstackBANK1  000A0
__pcstackCOMMON              cstackCOMMON 00070
__pintentry                  intentry     00004
__pmaintext                  maintext     00668
__powers_                    strings      01010
__pstrings                   strings      01000
__ptext1                     text1        010DC
__ptext10                    text10       01FBA
__ptext11                    text11       013CF
__ptext12                    text12       01DCD
__ptext13                    text13       00807
__ptext14                    text14       0159D
__ptext15                    text15       01EDB
__ptext16                    text16       010A9
__ptext17                    text17       01122
__ptext18                    text18       01178
__ptext19                    text19       01343
__ptext2                     text2        01DE4
__ptext20                    text20       01E3E
__ptext21                    text21       016CA
__ptext22                    text22       01D83
__ptext23                    text23       01F06
__ptext24                    text24       01DB8
__ptext25                    text25       01E63
__ptext26                    text26       01D79
__ptext27                    text27       01D69
__ptext28                    text28       01249
__ptext29                    text29       014B4
__ptext3                     text3        00D28
__ptext30                    text30       01D99
__ptext31                    text31       01E1E
__ptext32                    text32       01F7C
__ptext33                    text33       00802
__ptext34                    text34       01EB2
__ptext35                    text35       012C1
__ptext36                    text36       01E00
__ptext37                    text37       01D8D
__ptext38                    text38       01E89
__ptext39                    text39       01D61
__ptext4                     text4        00A6D
__ptext5                     text5        007A2
__ptext6                     text6        011E0
__ptext7                     text7        01DA6
__ptext8                     text8        008C4
__ptext9                     text9        01F40
__size_of_CMDs               (abs)        00000
__size_of_ISR                (abs)        00000
__size_of_Read_USART         (abs)        00000
__size_of_Write_USART        (abs)        00000
__size_of_Write_USART_String (abs)        00000
__size_of___awdiv            (abs)        00000
__size_of___awmod            (abs)        00000
__size_of___awtoft           (abs)        00000
__size_of___bmul             (abs)        00000
__size_of___ftadd            (abs)        00000
__size_of___ftge             (abs)        00000
__size_of___ftmul            (abs)        00000
__size_of___ftneg            (abs)        00000
__size_of___ftpack           (abs)        00000
__size_of___ftsub            (abs)        00000
__size_of___fttol            (abs)        00000
__size_of___lldiv            (abs)        00000
__size_of___llmod            (abs)        00000
__size_of___lltoft           (abs)        00000
__size_of___lwdiv            (abs)        00000
__size_of___lwmod            (abs)        00000
__size_of___wmul             (abs)        00000
__size_of__baudios           (abs)        00000
__size_of__div_to_l_         (abs)        00000
__size_of__tdiv_to_l_        (abs)        00000
__size_of_clear_LCD          (abs)        00000
__size_of_configADC          (abs)        00000
__size_of_configLCD          (abs)        00000
__size_of_config_rc          (abs)        00000
__size_of_config_tx          (abs)        00000
__size_of_cursor             (abs)        00000
__size_of_fround             (abs)        00000
__size_of_isdigit            (abs)        00000
__size_of_main               (abs)        00000
__size_of_pin                (abs)        00000
__size_of_scale              (abs)        00000
__size_of_setup              (abs)        00000
__size_of_sprintf            (abs)        00000
__size_of_write_char         (abs)        00000
__size_of_write_string       (abs)        00000
__stringbase                 strings      0100F
__stringtab                  strings      01000
__tdiv_to_l_                 text13       00807
__tdiv_to_l_@cntr            cstackBANK0  0002A
__tdiv_to_l_@exp1            cstackBANK0  0002B
__tdiv_to_l_@f1              cstackBANK0  00020
__tdiv_to_l_@f2              cstackBANK0  00023
__tdiv_to_l_@quot            cstackBANK0  00026
_clear_LCD                   text30       01D99
_configADC                   text29       014B4
_configLCD                   text28       01249
_config_rc                   text27       01D69
_config_tx                   text26       01D79
_contador                    bssCOMMON    0007A
_cursor                      text25       01E63
_dpowers                     strings      0105E
_entregado                   bssCOMMON    00078
_fround                      text8        008C4
_fround$1182                 cstackBANK0  0004B
_fround$1183                 cstackBANK0  00048
_isdigit                     text7        01DA6
_isdigit$986                 cstackCOMMON 00073
_main                        maintext     00668
_pin                         text32       01F7C
_readUSART                   bssCOMMON    00079
_scale                       text4        00A6D
_scale$1184                  cstackBANK0  00044
_setup                       text24       01DB8
_sprintf                     text3        00D28
_sprintf$1185                cstackBANK1  000A6
_write_char                  text2        01DE4
_write_string                text1        010DC
btemp                        (abs)        0007E
clear_ram0                   clrtext      01D71
configADC@ch                 cstackCOMMON 00075
cursor@a                     cstackBANK0  00021
cursor@b                     cstackCOMMON 00077
cursor@x                     cstackBANK0  00022
end_of_initialization        cinit        0001F
fround@prec                  cstackBANK0  0004E
interrupt_function           intentry     00004
intlevel0                    functab      00000
intlevel1                    functab      00000
intlevel2                    functab      00000
intlevel3                    functab      00000
intlevel4                    functab      00000
intlevel5                    functab      00000
isdigit@c                    cstackCOMMON 00074
pin@a                        cstackCOMMON 00073
pnum$text3                   (abs)        0000E
pnum$text3_split_1           (abs)        00035
psplit$0                     (abs)        E0035
reset_vec                    reset_vec    00000
saved_w                      (abs)        0007E
scale@scl                    cstackBANK0  00047
sprintf@ap                   cstackBANK1  000A9
sprintf@c                    cstackBANK1  000BE
sprintf@eexp                 cstackBANK1  000B6
sprintf@f                    cstackBANK0  00062
sprintf@flag                 cstackBANK1  000AA
sprintf@fval                 cstackBANK1  000B8
sprintf@prec                 cstackBANK1  000BC
sprintf@sp                   cstackBANK1  000BB
sprintf@tmpval               cstackBANK1  000AE
sprintf@val                  cstackBANK1  000B2
sprintf@width                cstackBANK1  000AC
start                        init         0000C
start_initialization         cinit        0000F
write_char@a                 cstackCOMMON 00075
write_string@a               cstackCOMMON 00076
write_string@i               cstackBANK0  00023
wtemp0                       (abs)        0007E


FUNCTION INFORMATION:

 *************** function _main *****************
 Defined at:
		line 76 in file "main.c"
 Parameters:    Size  Location     Type
		None
 Auto vars:     Size  Location     Type
		None
 Return value:  Size  Location     Type
                  1    wreg      void 
 Registers used:
		wreg, fsr0l, fsr0h, status,2, status,0, btemp+1, pclath, cstack
 Tracked objects:
		On entry : 
		On exit  : 
		Unchanged: 
 Data sizes:     COMMON   BANK0   BANK1   BANK3   BANK2
      Params:         0       0       0       0       0
      Locals:         0       0       0       0       0
      Temps:          0       3       0       0       0
      Totals:         0       3       0       0       0
Total ram usage:        3 bytes
 Hardware stack levels required when called:    6
 This function calls:
		_Write_USART
		_Write_USART_String
		___awtoft
		___ftmul
		__baudios
		_clear_LCD
		_configADC
		_configLCD
		_config_rc
		_config_tx
		_cursor
		_setup
		_sprintf
		_write_string
 This function is called by:
		Startup code after reset
 This function uses a non-reentrant model


 *************** function _write_string *****************
 Defined at:
		line 99 in file "LCD.c"
 Parameters:    Size  Location     Type
  a               2    6[COMMON] PTR unsigned char 
		 -> BUFFER(20), STR_1(15), 
 Auto vars:     Size  Location     Type
  i               2    3[BANK0 ] int 
 Return value:  Size  Location     Type
                  1    wreg      void 
 Registers used:
		wreg, fsr0l, fsr0h, status,2, status,0, btemp+1, pclath, cstack
 Tracked objects:
		On entry : 
		On exit  : 
		Unchanged: 
 Data sizes:     COMMON   BANK0   BANK1   BANK3   BANK2
      Params:         2       0       0       0       0
      Locals:         0       2       0       0       0
      Temps:          0       3       0       0       0
      Totals:         2       5       0       0       0
Total ram usage:        7 bytes
 Hardware stack levels used:    1
 Hardware stack levels required when called:    4
 This function calls:
		_write_char
 This function is called by:
		_main
 This function uses a non-reentrant model


 *************** function _write_char *****************
 Defined at:
		line 89 in file "LCD.c"
 Parameters:    Size  Location     Type
  a               1    wreg     unsigned char 
 Auto vars:     Size  Location     Type
  a               1    5[COMMON] unsigned char 
 Return value:  Size  Location     Type
                  1    wreg      void 
 Registers used:
		wreg, status,2, status,0, pclath, cstack
 Tracked objects:
		On entry : 
		On exit  : 
		Unchanged: 
 Data sizes:     COMMON   BANK0   BANK1   BANK3   BANK2
      Params:         0       0       0       0       0
      Locals:         1       0       0       0       0
      Temps:          1       0       0       0       0
      Totals:         2       0       0       0       0
Total ram usage:        2 bytes
 Hardware stack levels used:    1
 Hardware stack levels required when called:    3
 This function calls:
		_pin
 This function is called by:
		_write_string
 This function uses a non-reentrant model


 *************** function _sprintf *****************
 Defined at:
		line 505 in file "C:\Program Files\Microchip\xc8\v2.31\pic\sources\c90\common\doprnt.c"
 Parameters:    Size  Location     Type
  sp              1    wreg     PTR unsigned char 
		 -> BUFFER(20), 
  f               1   66[BANK0 ] PTR const unsigned char 
		 -> STR_2(17), 
 Auto vars:     Size  Location     Type
  sp              1   27[BANK1 ] PTR unsigned char 
		 -> BUFFER(20), 
  val             4   18[BANK1 ] unsigned long 
  tmpval          4   14[BANK1 ] struct .
  fval            3   24[BANK1 ] struct .
  prec            2   28[BANK1 ] int 
  eexp            2   22[BANK1 ] int 
  width           2   12[BANK1 ] int 
  flag            2   10[BANK1 ] unsigned short 
  cp              2    0        PTR const unsigned char 
  len             2    0        unsigned int 
  c               1   30[BANK1 ] unsigned char 
  ap              1    9[BANK1 ] PTR void [1]
		 -> ?_sprintf(2), 
  d               1    0        unsigned char 
 Return value:  Size  Location     Type
                  2   66[BANK0 ] int 
 Registers used:
		wreg, fsr0l, fsr0h, status,2, status,0, btemp+1, pclath, cstack
 Tracked objects:
		On entry : 
		On exit  : 
		Unchanged: 
 Data sizes:     COMMON   BANK0   BANK1   BANK3   BANK2
      Params:         0       9       0       0       0
      Locals:         0       0      25       0       0
      Temps:          0       0       6       0       0
      Totals:         0       9      31       0       0
Total ram usage:       40 bytes
 Hardware stack levels used:    1
 Hardware stack levels required when called:    5
 This function calls:
		___awdiv
		___ftadd
		___ftge
		___ftmul
		___ftneg
		___ftsub
		___fttol
		___lldiv
		___llmod
		___lltoft
		___wmul
		__div_to_l_
		__tdiv_to_l_
		_fround
		_isdigit
		_scale
 This function is called by:
		_main
 This function uses a non-reentrant model


 *************** function _scale *****************
 Defined at:
		line 433 in file "C:\Program Files\Microchip\xc8\v2.31\pic\sources\c90\common\doprnt.c"
 Parameters:    Size  Location     Type
  scl             1    wreg     char 
 Auto vars:     Size  Location     Type
  scl             1   39[BANK0 ] char 
 Return value:  Size  Location     Type
                  3   31[BANK0 ] char 
 Registers used:
		wreg, fsr0l, fsr0h, status,2, status,0, pclath, cstack
 Tracked objects:
		On entry : 
		On exit  : 
		Unchanged: 
 Data sizes:     COMMON   BANK0   BANK1   BANK3   BANK2
      Params:         0       3       0       0       0
      Locals:         0       4       0       0       0
      Temps:          0       2       0       0       0
      Totals:         0       9       0       0       0
Total ram usage:        9 bytes
 Hardware stack levels used:    1
 Hardware stack levels required when called:    4
 This function calls:
		___awdiv
		___awmod
		___bmul
		___ftmul
 This function is called by:
		_sprintf
 This function uses a non-reentrant model


 *************** function ___awmod *****************
 Defined at:
		line 5 in file "C:\Program Files\Microchip\xc8\v2.31\pic\sources\c90\common\awmod.c"
 Parameters:    Size  Location     Type
  divisor         2    3[COMMON] int 
  dividend        2    5[COMMON] int 
 Auto vars:     Size  Location     Type
  sign            1    1[BANK0 ] unsigned char 
  counter         1    0[BANK0 ] unsigned char 
 Return value:  Size  Location     Type
                  2    3[COMMON] int 
 Registers used:
		wreg, status,2, status,0
 Tracked objects:
		On entry : 
		On exit  : 
		Unchanged: 
 Data sizes:     COMMON   BANK0   BANK1   BANK3   BANK2
      Params:         4       0       0       0       0
      Locals:         0       2       0       0       0
      Temps:          1       0       0       0       0
      Totals:         5       2       0       0       0
Total ram usage:        7 bytes
 Hardware stack levels used:    1
 Hardware stack levels required when called:    2
 This function calls:
		Nothing
 This function is called by:
		_scale
 This function uses a non-reentrant model


 *************** function ___awdiv *****************
 Defined at:
		line 5 in file "C:\Program Files\Microchip\xc8\v2.31\pic\sources\c90\common\awdiv.c"
 Parameters:    Size  Location     Type
  divisor         2    2[BANK0 ] int 
  dividend        2    4[BANK0 ] int 
 Auto vars:     Size  Location     Type
  quotient        2    9[BANK0 ] int 
  sign            1    8[BANK0 ] unsigned char 
  counter         1    7[BANK0 ] unsigned char 
 Return value:  Size  Location     Type
                  2    2[BANK0 ] int 
 Registers used:
		wreg, status,2, status,0
 Tracked objects:
		On entry : 
		On exit  : 
		Unchanged: 
 Data sizes:     COMMON   BANK0   BANK1   BANK3   BANK2
      Params:         0       4       0       0       0
      Locals:         0       4       0       0       0
      Temps:          0       1       0       0       0
      Totals:         0       9       0       0       0
Total ram usage:        9 bytes
 Hardware stack levels used:    1
 Hardware stack levels required when called:    2
 This function calls:
		Nothing
 This function is called by:
		_scale
		_sprintf
 This function uses a non-reentrant model


 *************** function _isdigit *****************
 Defined at:
		line 8 in file "C:\Program Files\Microchip\xc8\v2.31\pic\sources\c90\common\isdigit.c"
 Parameters:    Size  Location     Type
  c               1    wreg     unsigned char 
 Auto vars:     Size  Location     Type
  c               1    4[COMMON] unsigned char 
 Return value:  Size  Location     Type
		None               void
 Registers used:
		wreg, status,2, status,0
 Tracked objects:
		On entry : 
		On exit  : 
		Unchanged: 
 Data sizes:     COMMON   BANK0   BANK1   BANK3   BANK2
      Params:         0       0       0       0       0
      Locals:         2       0       0       0       0
      Temps:          0       0       0       0       0
      Totals:         2       0       0       0       0
Total ram usage:        2 bytes
 Hardware stack levels used:    1
 Hardware stack levels required when called:    2
 This function calls:
		Nothing
 This function is called by:
		_sprintf
 This function uses a non-reentrant model


 *************** function _fround *****************
 Defined at:
		line 417 in file "C:\Program Files\Microchip\xc8\v2.31\pic\sources\c90\common\doprnt.c"
 Parameters:    Size  Location     Type
  prec            1    wreg     unsigned char 
 Auto vars:     Size  Location     Type
  prec            1   46[BANK0 ] unsigned char 
 Return value:  Size  Location     Type
                  3   31[BANK0 ] unsigned char 
 Registers used:
		wreg, fsr0l, fsr0h, status,2, status,0, pclath, cstack
 Tracked objects:
		On entry : 
		On exit  : 
		Unchanged: 
 Data sizes:     COMMON   BANK0   BANK1   BANK3   BANK2
      Params:         0       3       0       0       0
      Locals:         0       7       0       0       0
      Temps:          0       6       0       0       0
      Totals:         0      16       0       0       0
Total ram usage:       16 bytes
 Hardware stack levels used:    1
 Hardware stack levels required when called:    4
 This function calls:
		___bmul
		___ftmul
		___lwdiv
		___lwmod
 This function is called by:
		_sprintf
 This function uses a non-reentrant model


 *************** function ___lwmod *****************
 Defined at:
		line 5 in file "C:\Program Files\Microchip\xc8\v2.31\pic\sources\c90\common\lwmod.c"
 Parameters:    Size  Location     Type
  divisor         2    3[COMMON] unsigned int 
  dividend        2    5[COMMON] unsigned int 
 Auto vars:     Size  Location     Type
  counter         1    0[BANK0 ] unsigned char 
 Return value:  Size  Location     Type
                  2    3[COMMON] unsigned int 
 Registers used:
		wreg, status,2, status,0
 Tracked objects:
		On entry : 
		On exit  : 
		Unchanged: 
 Data sizes:     COMMON   BANK0   BANK1   BANK3   BANK2
      Params:         4       0       0       0       0
      Locals:         0       1       0       0       0
      Temps:          1       0       0       0       0
      Totals:         5       1       0       0       0
Total ram usage:        6 bytes
 Hardware stack levels used:    1
 Hardware stack levels required when called:    2
 This function calls:
		Nothing
 This function is called by:
		_fround
 This function uses a non-reentrant model


 *************** function ___lwdiv *****************
 Defined at:
		line 5 in file "C:\Program Files\Microchip\xc8\v2.31\pic\sources\c90\common\lwdiv.c"
 Parameters:    Size  Location     Type
  divisor         2    1[BANK0 ] unsigned int 
  dividend        2    3[BANK0 ] unsigned int 
 Auto vars:     Size  Location     Type
  quotient        2    7[BANK0 ] unsigned int 
  counter         1    6[BANK0 ] unsigned char 
 Return value:  Size  Location     Type
                  2    1[BANK0 ] unsigned int 
 Registers used:
		wreg, status,2, status,0
 Tracked objects:
		On entry : 
		On exit  : 
		Unchanged: 
 Data sizes:     COMMON   BANK0   BANK1   BANK3   BANK2
      Params:         0       4       0       0       0
      Locals:         0       3       0       0       0
      Temps:          0       1       0       0       0
      Totals:         0       8       0       0       0
Total ram usage:        8 bytes
 Hardware stack levels used:    1
 Hardware stack levels required when called:    2
 This function calls:
		Nothing
 This function is called by:
		_fround
 This function uses a non-reentrant model


 *************** function ___ftmul *****************
 Defined at:
		line 62 in file "C:\Program Files\Microchip\xc8\v2.31\pic\sources\c90\common\ftmul.c"
 Parameters:    Size  Location     Type
  f1              3   15[BANK0 ] float 
  f2              3   18[BANK0 ] float 
 Auto vars:     Size  Location     Type
  f3_as_produc    3   26[BANK0 ] unsigned um
  sign            1   30[BANK0 ] unsigned char 
  cntr            1   29[BANK0 ] unsigned char 
  exp             1   25[BANK0 ] unsigned char 
 Return value:  Size  Location     Type
                  3   15[BANK0 ] float 
 Registers used:
		wreg, status,2, status,0, pclath, cstack
 Tracked objects:
		On entry : 
		On exit  : 
		Unchanged: 
 Data sizes:     COMMON   BANK0   BANK1   BANK3   BANK2
      Params:         0       6       0       0       0
      Locals:         0       6       0       0       0
      Temps:          0       4       0       0       0
      Totals:         0      16       0       0       0
Total ram usage:       16 bytes
 Hardware stack levels used:    1
 Hardware stack levels required when called:    3
 This function calls:
		___ftpack
 This function is called by:
		_main
		_fround
		_scale
		_sprintf
 This function uses a non-reentrant model


 *************** function ___bmul *****************
 Defined at:
		line 4 in file "C:\Program Files\Microchip\xc8\v2.31\pic\sources\c90\common\Umul8.c"
 Parameters:    Size  Location     Type
  multiplier      1    wreg     unsigned char 
  multiplicand    1   11[BANK0 ] unsigned char 
 Auto vars:     Size  Location     Type
  multiplier      1   14[BANK0 ] unsigned char 
  product         1   13[BANK0 ] unsigned char 
 Return value:  Size  Location     Type
                  1    wreg      unsigned char 
 Registers used:
		wreg, status,2, status,0
 Tracked objects:
		On entry : 
		On exit  : 
		Unchanged: 
 Data sizes:     COMMON   BANK0   BANK1   BANK3   BANK2
      Params:         0       1       0       0       0
      Locals:         0       2       0       0       0
      Temps:          0       1       0       0       0
      Totals:         0       4       0       0       0
Total ram usage:        4 bytes
 Hardware stack levels used:    1
 Hardware stack levels required when called:    2
 This function calls:
		Nothing
 This function is called by:
		_fround
		_scale
 This function uses a non-reentrant model


 *************** function __tdiv_to_l_ *****************
 Defined at:
		line 60 in file "C:\Program Files\Microchip\xc8\v2.31\pic\sources\c90\common\ftdivl.c"
 Parameters:    Size  Location     Type
  f1              3    0[BANK0 ] float 
  f2              3    3[BANK0 ] float 
 Auto vars:     Size  Location     Type
  quot            4    6[BANK0 ] unsigned long 
  exp1            1   11[BANK0 ] unsigned char 
  cntr            1   10[BANK0 ] unsigned char 
 Return value:  Size  Location     Type
                  4    0[BANK0 ] unsigned long 
 Registers used:
		wreg, status,2, status,0
 Tracked objects:
		On entry : 
		On exit  : 
		Unchanged: 
 Data sizes:     COMMON   BANK0   BANK1   BANK3   BANK2
      Params:         0       6       0       0       0
      Locals:         0       6       0       0       0
      Temps:          4       0       0       0       0
      Totals:         4      12       0       0       0
Total ram usage:       16 bytes
 Hardware stack levels used:    1
 Hardware stack levels required when called:    2
 This function calls:
		Nothing
 This function is called by:
		_sprintf
 This function uses a non-reentrant model


 *************** function __div_to_l_ *****************
 Defined at:
		line 60 in file "C:\Program Files\Microchip\xc8\v2.31\pic\sources\c90\common\fldivl.c"
 Parameters:    Size  Location     Type
  f1              3    0[BANK0 ] unsigned long 
  f2              3    3[BANK0 ] unsigned long 
 Auto vars:     Size  Location     Type
  quot            4   14[BANK0 ] unsigned long 
  exp1            1   19[BANK0 ] unsigned char 
  cntr            1   18[BANK0 ] unsigned char 
 Return value:  Size  Location     Type
                  4    0[BANK0 ] unsigned long 
 Registers used:
		wreg, fsr0l, fsr0h, status,2, status,0
 Tracked objects:
		On entry : 
		On exit  : 
		Unchanged: 
 Data sizes:     COMMON   BANK0   BANK1   BANK3   BANK2
      Params:         0       6       0       0       0
      Locals:         0       6       0       0       0
      Temps:          0       8       0       0       0
      Totals:         0      20       0       0       0
Total ram usage:       20 bytes
 Hardware stack levels used:    1
 Hardware stack levels required when called:    2
 This function calls:
		Nothing
 This function is called by:
		_sprintf
 This function uses a non-reentrant model


 *************** function ___wmul *****************
 Defined at:
		line 15 in file "C:\Program Files\Microchip\xc8\v2.31\pic\sources\c90\common\Umul16.c"
 Parameters:    Size  Location     Type
  multiplier      2    3[COMMON] unsigned int 
  multiplicand    2    5[COMMON] unsigned int 
 Auto vars:     Size  Location     Type
  product         2    0[BANK0 ] unsigned int 
 Return value:  Size  Location     Type
                  2    3[COMMON] unsigned int 
 Registers used:
		wreg, status,2, status,0
 Tracked objects:
		On entry : 
		On exit  : 
		Unchanged: 
 Data sizes:     COMMON   BANK0   BANK1   BANK3   BANK2
      Params:         4       0       0       0       0
      Locals:         0       2       0       0       0
      Temps:          0       0       0       0       0
      Totals:         4       2       0       0       0
Total ram usage:        6 bytes
 Hardware stack levels used:    1
 Hardware stack levels required when called:    2
 This function calls:
		Nothing
 This function is called by:
		_sprintf
 This function uses a non-reentrant model


 *************** function ___lltoft *****************
 Defined at:
		line 35 in file "C:\Program Files\Microchip\xc8\v2.31\pic\sources\c90\common\lltoft.c"
 Parameters:    Size  Location     Type
  c               4    3[BANK0 ] unsigned long 
 Auto vars:     Size  Location     Type
  exp             1    8[BANK0 ] unsigned char 
 Return value:  Size  Location     Type
                  3    3[BANK0 ] float 
 Registers used:
		wreg, status,2, status,0, pclath, cstack
 Tracked objects:
		On entry : 
		On exit  : 
		Unchanged: 
 Data sizes:     COMMON   BANK0   BANK1   BANK3   BANK2
      Params:         0       4       0       0       0
      Locals:         0       1       0       0       0
      Temps:          0       1       0       0       0
      Totals:         0       6       0       0       0
Total ram usage:        6 bytes
 Hardware stack levels used:    1
 Hardware stack levels required when called:    3
 This function calls:
		___ftpack
 This function is called by:
		_sprintf
 This function uses a non-reentrant model


 *************** function ___llmod *****************
 Defined at:
		line 5 in file "C:\Program Files\Microchip\xc8\v2.31\pic\sources\c90\common\llmod.c"
 Parameters:    Size  Location     Type
  divisor         4   13[BANK0 ] unsigned long 
  dividend        4   17[BANK0 ] unsigned long 
 Auto vars:     Size  Location     Type
  counter         1    5[COMMON] unsigned char 
 Return value:  Size  Location     Type
                  4   13[BANK0 ] unsigned long 
 Registers used:
		wreg, status,2, status,0
 Tracked objects:
		On entry : 
		On exit  : 
		Unchanged: 
 Data sizes:     COMMON   BANK0   BANK1   BANK3   BANK2
      Params:         0       8       0       0       0
      Locals:         1       0       0       0       0
      Temps:          1       0       0       0       0
      Totals:         2       8       0       0       0
Total ram usage:       10 bytes
 Hardware stack levels used:    1
 Hardware stack levels required when called:    2
 This function calls:
		Nothing
 This function is called by:
		_sprintf
 This function uses a non-reentrant model


 *************** function ___lldiv *****************
 Defined at:
		line 5 in file "C:\Program Files\Microchip\xc8\v2.31\pic\sources\c90\common\__lldiv.c"
 Parameters:    Size  Location     Type
  divisor         4    0[BANK0 ] unsigned long 
  dividend        4    4[BANK0 ] unsigned long 
 Auto vars:     Size  Location     Type
  quotient        4    8[BANK0 ] unsigned long 
  counter         1   12[BANK0 ] unsigned char 
 Return value:  Size  Location     Type
                  4    0[BANK0 ] unsigned long 
 Registers used:
		wreg, status,2, status,0
 Tracked objects:
		On entry : 
		On exit  : 
		Unchanged: 
 Data sizes:     COMMON   BANK0   BANK1   BANK3   BANK2
      Params:         0       8       0       0       0
      Locals:         0       5       0       0       0
      Temps:          1       0       0       0       0
      Totals:         1      13       0       0       0
Total ram usage:       14 bytes
 Hardware stack levels used:    1
 Hardware stack levels required when called:    2
 This function calls:
		Nothing
 This function is called by:
		_sprintf
 This function uses a non-reentrant model


 *************** function ___fttol *****************
 Defined at:
		line 44 in file "C:\Program Files\Microchip\xc8\v2.31\pic\sources\c90\common\fttol.c"
 Parameters:    Size  Location     Type
  f1              3   40[BANK0 ] float 
 Auto vars:     Size  Location     Type
  lval            4   49[BANK0 ] unsigned long 
  exp1            1   53[BANK0 ] unsigned char 
  sign1           1   48[BANK0 ] unsigned char 
 Return value:  Size  Location     Type
                  4   40[BANK0 ] long 
 Registers used:
		wreg, status,2, status,0
 Tracked objects:
		On entry : 
		On exit  : 
		Unchanged: 
 Data sizes:     COMMON   BANK0   BANK1   BANK3   BANK2
      Params:         0       4       0       0       0
      Locals:         0       6       0       0       0
      Temps:          0       4       0       0       0
      Totals:         0      14       0       0       0
Total ram usage:       14 bytes
 Hardware stack levels used:    1
 Hardware stack levels required when called:    2
 This function calls:
		Nothing
 This function is called by:
		_sprintf
		_Enviar_1
		_Enviar_2
 This function uses a non-reentrant model


 *************** function ___ftsub *****************
 Defined at:
		line 17 in file "C:\Program Files\Microchip\xc8\v2.31\pic\sources\c90\common\ftsub.c"
 Parameters:    Size  Location     Type
  f2              3   60[BANK0 ] float 
  f1              3   63[BANK0 ] float 
 Auto vars:     Size  Location     Type
		None
 Return value:  Size  Location     Type
                  3   60[BANK0 ] float 
 Registers used:
		wreg, status,2, status,0, pclath, cstack
 Tracked objects:
		On entry : 
		On exit  : 
		Unchanged: 
 Data sizes:     COMMON   BANK0   BANK1   BANK3   BANK2
      Params:         0       6       0       0       0
      Locals:         0       0       0       0       0
      Temps:          0       0       0       0       0
      Totals:         0       6       0       0       0
Total ram usage:        6 bytes
 Hardware stack levels used:    1
 Hardware stack levels required when called:    4
 This function calls:
		___ftadd
 This function is called by:
		_sprintf
 This function uses a non-reentrant model


 *************** function ___ftadd *****************
 Defined at:
		line 86 in file "C:\Program Files\Microchip\xc8\v2.31\pic\sources\c90\common\ftadd.c"
 Parameters:    Size  Location     Type
  f1              3   47[BANK0 ] float 
  f2              3   50[BANK0 ] float 
 Auto vars:     Size  Location     Type
  exp1            1   59[BANK0 ] unsigned char 
  exp2            1   58[BANK0 ] unsigned char 
  sign            1   57[BANK0 ] unsigned char 
 Return value:  Size  Location     Type
                  3   47[BANK0 ] float 
 Registers used:
		wreg, status,2, status,0, pclath, cstack
 Tracked objects:
		On entry : 
		On exit  : 
		Unchanged: 
 Data sizes:     COMMON   BANK0   BANK1   BANK3   BANK2
      Params:         0       6       0       0       0
      Locals:         0       3       0       0       0
      Temps:          0       4       0       0       0
      Totals:         0      13       0       0       0
Total ram usage:       13 bytes
 Hardware stack levels used:    1
 Hardware stack levels required when called:    3
 This function calls:
		___ftpack
 This function is called by:
		_sprintf
		___ftsub
 This function uses a non-reentrant model


 *************** function ___ftneg *****************
 Defined at:
		line 15 in file "C:\Program Files\Microchip\xc8\v2.31\pic\sources\c90\common\ftneg.c"
 Parameters:    Size  Location     Type
  f1              3    3[COMMON] float 
 Auto vars:     Size  Location     Type
		None
 Return value:  Size  Location     Type
                  3    3[COMMON] float 
 Registers used:
		wreg
 Tracked objects:
		On entry : 
		On exit  : 
		Unchanged: 
 Data sizes:     COMMON   BANK0   BANK1   BANK3   BANK2
      Params:         3       0       0       0       0
      Locals:         0       0       0       0       0
      Temps:          0       0       0       0       0
      Totals:         3       0       0       0       0
Total ram usage:        3 bytes
 Hardware stack levels used:    1
 Hardware stack levels required when called:    2
 This function calls:
		Nothing
 This function is called by:
		_sprintf
 This function uses a non-reentrant model


 *************** function ___ftge *****************
 Defined at:
		line 4 in file "C:\Program Files\Microchip\xc8\v2.31\pic\sources\c90\common\ftge.c"
 Parameters:    Size  Location     Type
  ff1             3    0[BANK0 ] float 
  ff2             3    3[BANK0 ] float 
 Auto vars:     Size  Location     Type
		None
 Return value:  Size  Location     Type
		None               void
 Registers used:
		wreg, status,2, status,0
 Tracked objects:
		On entry : 
		On exit  : 
		Unchanged: 
 Data sizes:     COMMON   BANK0   BANK1   BANK3   BANK2
      Params:         0       6       0       0       0
      Locals:         0       0       0       0       0
      Temps:          0       0       0       0       0
      Totals:         0       6       0       0       0
Total ram usage:        6 bytes
 Hardware stack levels used:    1
 Hardware stack levels required when called:    2
 This function calls:
		Nothing
 This function is called by:
		_sprintf
 This function uses a non-reentrant model


 *************** function _setup *****************
 Defined at:
		line 132 in file "main.c"
 Parameters:    Size  Location     Type
		None
 Auto vars:     Size  Location     Type
		None
 Return value:  Size  Location     Type
                  1    wreg      void 
 Registers used:
		status,2
 Tracked objects:
		On entry : 
		On exit  : 
		Unchanged: 
 Data sizes:     COMMON   BANK0   BANK1   BANK3   BANK2
      Params:         0       0       0       0       0
      Locals:         0       0       0       0       0
      Temps:          0       0       0       0       0
      Totals:         0       0       0       0       0
Total ram usage:        0 bytes
 Hardware stack levels used:    1
 Hardware stack levels required when called:    2
 This function calls:
		Nothing
 This function is called by:
		_main
 This function uses a non-reentrant model


 *************** function _cursor *****************
 Defined at:
		line 57 in file "LCD.c"
 Parameters:    Size  Location     Type
  a               1    wreg     unsigned char 
  b               1    7[COMMON] unsigned char 
 Auto vars:     Size  Location     Type
  a               1    1[BANK0 ] unsigned char 
  x               1    2[BANK0 ] unsigned char 
 Return value:  Size  Location     Type
                  1    wreg      void 
 Registers used:
		wreg, status,2, status,0, pclath, cstack
 Tracked objects:
		On entry : 
		On exit  : 
		Unchanged: 
 Data sizes:     COMMON   BANK0   BANK1   BANK3   BANK2
      Params:         1       0       0       0       0
      Locals:         0       2       0       0       0
      Temps:          0       1       0       0       0
      Totals:         1       3       0       0       0
Total ram usage:        4 bytes
 Hardware stack levels used:    1
 Hardware stack levels required when called:    4
 This function calls:
		_CMDs
 This function is called by:
		_main
 This function uses a non-reentrant model


 *************** function _config_tx *****************
 Defined at:
		line 9 in file "USART.c"
 Parameters:    Size  Location     Type
		None
 Auto vars:     Size  Location     Type
		None
 Return value:  Size  Location     Type
                  1    wreg      void 
 Registers used:
		None
 Tracked objects:
		On entry : 
		On exit  : 
		Unchanged: 
 Data sizes:     COMMON   BANK0   BANK1   BANK3   BANK2
      Params:         0       0       0       0       0
      Locals:         0       0       0       0       0
      Temps:          0       0       0       0       0
      Totals:         0       0       0       0       0
Total ram usage:        0 bytes
 Hardware stack levels used:    1
 Hardware stack levels required when called:    2
 This function calls:
		Nothing
 This function is called by:
		_main
 This function uses a non-reentrant model


 *************** function _config_rc *****************
 Defined at:
		line 19 in file "USART.c"
 Parameters:    Size  Location     Type
		None
 Auto vars:     Size  Location     Type
		None
 Return value:  Size  Location     Type
                  1    wreg      void 
 Registers used:
		status,2
 Tracked objects:
		On entry : 
		On exit  : 
		Unchanged: 
 Data sizes:     COMMON   BANK0   BANK1   BANK3   BANK2
      Params:         0       0       0       0       0
      Locals:         0       0       0       0       0
      Temps:          0       0       0       0       0
      Totals:         0       0       0       0       0
Total ram usage:        0 bytes
 Hardware stack levels used:    1
 Hardware stack levels required when called:    2
 This function calls:
		Nothing
 This function is called by:
		_main
 This function uses a non-reentrant model


 *************** function _configLCD *****************
 Defined at:
		line 69 in file "LCD.c"
 Parameters:    Size  Location     Type
		None
 Auto vars:     Size  Location     Type
		None
 Return value:  Size  Location     Type
                  1    wreg      void 
 Registers used:
		wreg, status,2, status,0, pclath, cstack
 Tracked objects:
		On entry : 
		On exit  : 
		Unchanged: 
 Data sizes:     COMMON   BANK0   BANK1   BANK3   BANK2
      Params:         0       0       0       0       0
      Locals:         0       0       0       0       0
      Temps:          0       2       0       0       0
      Totals:         0       2       0       0       0
Total ram usage:        2 bytes
 Hardware stack levels used:    1
 Hardware stack levels required when called:    4
 This function calls:
		_CMDs
 This function is called by:
		_main
 This function uses a non-reentrant model


 *************** function _configADC *****************
 Defined at:
		line 7 in file "ADC.c"
 Parameters:    Size  Location     Type
  ch              1    wreg     unsigned char 
 Auto vars:     Size  Location     Type
  ch              1    5[COMMON] unsigned char 
 Return value:  Size  Location     Type
                  1    wreg      unsigned char 
 Registers used:
		wreg, fsr0l, fsr0h, status,2, status,0
 Tracked objects:
		On entry : 
		On exit  : 
		Unchanged: 
 Data sizes:     COMMON   BANK0   BANK1   BANK3   BANK2
      Params:         0       0       0       0       0
      Locals:         1       0       0       0       0
      Temps:          2       0       0       0       0
      Totals:         3       0       0       0       0
Total ram usage:        3 bytes
 Hardware stack levels used:    1
 Hardware stack levels required when called:    2
 This function calls:
		Nothing
 This function is called by:
		_main
 This function uses a non-reentrant model


 *************** function _clear_LCD *****************
 Defined at:
		line 52 in file "LCD.c"
 Parameters:    Size  Location     Type
		None
 Auto vars:     Size  Location     Type
		None
 Return value:  Size  Location     Type
                  1    wreg      void 
 Registers used:
		wreg, status,2, status,0, pclath, cstack
 Tracked objects:
		On entry : 
		On exit  : 
		Unchanged: 
 Data sizes:     COMMON   BANK0   BANK1   BANK3   BANK2
      Params:         0       0       0       0       0
      Locals:         0       0       0       0       0
      Temps:          0       0       0       0       0
      Totals:         0       0       0       0       0
Total ram usage:        0 bytes
 Hardware stack levels used:    1
 Hardware stack levels required when called:    4
 This function calls:
		_CMDs
 This function is called by:
		_main
 This function uses a non-reentrant model


 *************** function _CMDs *****************
 Defined at:
		line 42 in file "LCD.c"
 Parameters:    Size  Location     Type
  a               1    wreg     unsigned char 
 Auto vars:     Size  Location     Type
  a               1    6[COMMON] unsigned char 
 Return value:  Size  Location     Type
                  1    wreg      void 
 Registers used:
		wreg, status,2, status,0, pclath, cstack
 Tracked objects:
		On entry : 
		On exit  : 
		Unchanged: 
 Data sizes:     COMMON   BANK0   BANK1   BANK3   BANK2
      Params:         0       0       0       0       0
      Locals:         1       0       0       0       0
      Temps:          2       0       0       0       0
      Totals:         3       0       0       0       0
Total ram usage:        3 bytes
 Hardware stack levels used:    1
 Hardware stack levels required when called:    3
 This function calls:
		_pin
 This function is called by:
		_clear_LCD
		_cursor
		_configLCD
 This function uses a non-reentrant model


 *************** function _pin *****************
 Defined at:
		line 7 in file "LCD.c"
 Parameters:    Size  Location     Type
  a               1    wreg     unsigned char 
 Auto vars:     Size  Location     Type
  a               1    3[COMMON] unsigned char 
 Return value:  Size  Location     Type
                  1    wreg      void 
 Registers used:
		wreg
 Tracked objects:
		On entry : 
		On exit  : 
		Unchanged: 
 Data sizes:     COMMON   BANK0   BANK1   BANK3   BANK2
      Params:         0       0       0       0       0
      Locals:         1       0       0       0       0
      Temps:          0       0       0       0       0
      Totals:         1       0       0       0       0
Total ram usage:        1 bytes
 Hardware stack levels used:    1
 Hardware stack levels required when called:    2
 This function calls:
		Nothing
 This function is called by:
		_CMDs
		_write_char
 This function uses a non-reentrant model


 *************** function __baudios *****************
 Defined at:
		line 5 in file "USART.c"
 Parameters:    Size  Location     Type
		None
 Auto vars:     Size  Location     Type
		None
 Return value:  Size  Location     Type
                  1    wreg      void 
 Registers used:
		wreg
 Tracked objects:
		On entry : 
		On exit  : 
		Unchanged: 
 Data sizes:     COMMON   BANK0   BANK1   BANK3   BANK2
      Params:         0       0       0       0       0
      Locals:         0       0       0       0       0
      Temps:          0       0       0       0       0
      Totals:         0       0       0       0       0
Total ram usage:        0 bytes
 Hardware stack levels used:    1
 Hardware stack levels required when called:    2
 This function calls:
		Nothing
 This function is called by:
		_main
 This function uses a non-reentrant model


 *************** function ___awtoft *****************
 Defined at:
		line 32 in file "C:\Program Files\Microchip\xc8\v2.31\pic\sources\c90\common\awtoft.c"
 Parameters:    Size  Location     Type
  c               2    3[BANK0 ] int 
 Auto vars:     Size  Location     Type
  sign            1    8[BANK0 ] unsigned char 
 Return value:  Size  Location     Type
                  3    3[BANK0 ] float 
 Registers used:
		wreg, status,2, status,0, pclath, cstack
 Tracked objects:
		On entry : 
		On exit  : 
		Unchanged: 
 Data sizes:     COMMON   BANK0   BANK1   BANK3   BANK2
      Params:         0       3       0       0       0
      Locals:         0       1       0       0       0
      Temps:          0       2       0       0       0
      Totals:         0       6       0       0       0
Total ram usage:        6 bytes
 Hardware stack levels used:    1
 Hardware stack levels required when called:    3
 This function calls:
		___ftpack
 This function is called by:
		_main
 This function uses a non-reentrant model


 *************** function ___ftpack *****************
 Defined at:
		line 62 in file "C:\Program Files\Microchip\xc8\v2.31\pic\sources\c90\common\float.c"
 Parameters:    Size  Location     Type
  arg             3    3[COMMON] unsigned um
  exp             1    6[COMMON] unsigned char 
  sign            1    7[COMMON] unsigned char 
 Auto vars:     Size  Location     Type
		None
 Return value:  Size  Location     Type
                  3    3[COMMON] float 
 Registers used:
		wreg, status,2, status,0
 Tracked objects:
		On entry : 
		On exit  : 
		Unchanged: 
 Data sizes:     COMMON   BANK0   BANK1   BANK3   BANK2
      Params:         5       0       0       0       0
      Locals:         0       0       0       0       0
      Temps:          0       3       0       0       0
      Totals:         5       3       0       0       0
Total ram usage:        8 bytes
 Hardware stack levels used:    1
 Hardware stack levels required when called:    2
 This function calls:
		Nothing
 This function is called by:
		___awtoft
		___ftadd
		___ftmul
		___lltoft
 This function uses a non-reentrant model


 *************** function _Write_USART_String *****************
 Defined at:
		line 30 in file "USART.c"
 Parameters:    Size  Location     Type
  a               1    wreg     PTR unsigned char 
		 -> BUFFER(20), 
 Auto vars:     Size  Location     Type
  a               1    5[COMMON] PTR unsigned char 
		 -> BUFFER(20), 
  i               1    6[COMMON] unsigned char 
 Return value:  Size  Location     Type
                  1    wreg      void 
 Registers used:
		wreg, fsr0l, fsr0h, status,2, status,0, pclath, cstack
 Tracked objects:
		On entry : 
		On exit  : 
		Unchanged: 
 Data sizes:     COMMON   BANK0   BANK1   BANK3   BANK2
      Params:         0       0       0       0       0
      Locals:         2       0       0       0       0
      Temps:          1       0       0       0       0
      Totals:         3       0       0       0       0
Total ram usage:        3 bytes
 Hardware stack levels used:    1
 Hardware stack levels required when called:    3
 This function calls:
		_Write_USART
 This function is called by:
		_main
 This function uses a non-reentrant model


 *************** function _Write_USART *****************
 Defined at:
		line 26 in file "USART.c"
 Parameters:    Size  Location     Type
  a               1    wreg     unsigned char 
 Auto vars:     Size  Location     Type
  a               1    3[COMMON] unsigned char 
 Return value:  Size  Location     Type
                  1    wreg      void 
 Registers used:
		wreg
 Tracked objects:
		On entry : 
		On exit  : 
		Unchanged: 
 Data sizes:     COMMON   BANK0   BANK1   BANK3   BANK2
      Params:         0       0       0       0       0
      Locals:         1       0       0       0       0
      Temps:          0       0       0       0       0
      Totals:         1       0       0       0       0
Total ram usage:        1 bytes
 Hardware stack levels used:    1
 Hardware stack levels required when called:    2
 This function calls:
		Nothing
 This function is called by:
		_main
		_Write_USART_String
 This function uses a non-reentrant model


 *************** function _ISR *****************
 Defined at:
		line 61 in file "main.c"
 Parameters:    Size  Location     Type
		None
 Auto vars:     Size  Location     Type
		None
 Return value:  Size  Location     Type
                  1    wreg      void 
 Registers used:
		wreg, status,2, status,0, pclath, cstack
 Tracked objects:
		On entry : 
		On exit  : 
		Unchanged: 
 Data sizes:     COMMON   BANK0   BANK1   BANK3   BANK2
      Params:         0       0       0       0       0
      Locals:         0       0       0       0       0
      Temps:          3       0       0       0       0
      Totals:         3       0       0       0       0
Total ram usage:        3 bytes
 Hardware stack levels used:    1
 Hardware stack levels required when called:    1
 This function calls:
		_Read_USART
 This function is called by:
		Interrupt level 1
 This function uses a non-reentrant model


 *************** function _Read_USART *****************
 Defined at:
		line 36 in file "USART.c"
 Parameters:    Size  Location     Type
		None
 Auto vars:     Size  Location     Type
		None
 Return value:  Size  Location     Type
                  1    wreg      unsigned char 
 Registers used:
		wreg
 Tracked objects:
		On entry : 
		On exit  : 
		Unchanged: 
 Data sizes:     COMMON   BANK0   BANK1   BANK3   BANK2
      Params:         0       0       0       0       0
      Locals:         0       0       0       0       0
      Temps:          0       0       0       0       0
      Totals:         0       0       0       0       0
Total ram usage:        0 bytes
 Hardware stack levels used:    1
 This function calls:
		Nothing
 This function is called by:
		_ISR
 This function uses a non-reentrant model



MODULE INFORMATION

Module		Function		Class		Link	Load	Size
USART.c
		_Write_USART_String		CODE           	1E00	0000	30
		__baudios      		CODE           	0802	0000	5
		_Write_USART   		CODE           	1D8D	0000	12
		_Read_USART    		CODE           	1D61	0000	8
		_config_rc     		CODE           	1D69	0000	8
		_config_tx     		CODE           	1D79	0000	10

USART.c estimated size: 73

C:\Program Files\Microchip\xc8\v2.31\pic\sources\c90\common\__lldiv.c
		___lldiv       		CODE           	1178	0000	104

C:\Program Files\Microchip\xc8\v2.31\pic\sources\c90\common\__lldiv.c estimated size: 104

C:\Program Files\Microchip\xc8\v2.31\pic\sources\c90\common\ftneg.c
		___ftneg       		CODE           	1D83	0000	10

C:\Program Files\Microchip\xc8\v2.31\pic\sources\c90\common\ftneg.c estimated size: 10

C:\Program Files\Microchip\xc8\v2.31\pic\sources\c90\common\doprnt.c
		_scale         		CODE           	0A6D	0000	699
		_sprintf       		CODE           	0D28	0000	2333
		_fround        		CODE           	08C4	0000	425

C:\Program Files\Microchip\xc8\v2.31\pic\sources\c90\common\doprnt.c estimated size: 3457

C:\Program Files\Microchip\xc8\v2.31\pic\sources\c90\common\ftsub.c
		___ftsub       		CODE           	1E3E	0000	37

C:\Program Files\Microchip\xc8\v2.31\pic\sources\c90\common\ftsub.c estimated size: 37

C:\Program Files\Microchip\xc8\v2.31\pic\sources\c90\common\float.c
		___ftpack      		CODE           	12C1	0000	130

C:\Program Files\Microchip\xc8\v2.31\pic\sources\c90\common\float.c estimated size: 130

C:\Program Files\Microchip\xc8\v2.31\pic\sources\c90\common\ftdivl.c
		__tdiv_to_l_   		CODE           	0807	0000	189

C:\Program Files\Microchip\xc8\v2.31\pic\sources\c90\common\ftdivl.c estimated size: 189

C:\Program Files\Microchip\xc8\v2.31\pic\sources\c90\common\ftge.c
		___ftge        		CODE           	1F06	0000	58

C:\Program Files\Microchip\xc8\v2.31\pic\sources\c90\common\ftge.c estimated size: 58

C:\Program Files\Microchip\xc8\v2.31\pic\sources\c90\common\lwmod.c
		___lwmod       		CODE           	1F40	0000	60

C:\Program Files\Microchip\xc8\v2.31\pic\sources\c90\common\lwmod.c estimated size: 60

C:\Program Files\Microchip\xc8\v2.31\pic\sources\c90\common\awmod.c
		___awmod       		CODE           	07A2	0000	91

C:\Program Files\Microchip\xc8\v2.31\pic\sources\c90\common\awmod.c estimated size: 91

C:\Program Files\Microchip\xc8\v2.31\pic\sources\c90\common\Umul16.c
		___wmul        		CODE           	1EDB	0000	43

C:\Program Files\Microchip\xc8\v2.31\pic\sources\c90\common\Umul16.c estimated size: 43

C:\Program Files\Microchip\xc8\v2.31\pic\sources\c90\common\llmod.c
		___llmod       		CODE           	1122	0000	86

C:\Program Files\Microchip\xc8\v2.31\pic\sources\c90\common\llmod.c estimated size: 86

C:\Program Files\Microchip\xc8\v2.31\pic\sources\c90\common\isdigit.c
		_isdigit       		CODE           	1DA6	0000	18

C:\Program Files\Microchip\xc8\v2.31\pic\sources\c90\common\isdigit.c estimated size: 18

C:\Program Files\Microchip\xc8\v2.31\pic\sources\c90\common\ftmul.c
		___ftmul       		CODE           	13CF	0000	229

C:\Program Files\Microchip\xc8\v2.31\pic\sources\c90\common\ftmul.c estimated size: 229

C:\Program Files\Microchip\xc8\v2.31\pic\sources\c90\common\fldivl.c
		__div_to_l_    		CODE           	159D	0000	301

C:\Program Files\Microchip\xc8\v2.31\pic\sources\c90\common\fldivl.c estimated size: 301

C:\Program Files\Microchip\xc8\v2.31\pic\sources\c90\common\lwdiv.c
		___lwdiv       		CODE           	1FBA	0000	70

C:\Program Files\Microchip\xc8\v2.31\pic\sources\c90\common\lwdiv.c estimated size: 70

C:\Program Files\Microchip\xc8\v2.31\pic\sources\c90\common\awdiv.c
		___awdiv       		CODE           	11E0	0000	105

C:\Program Files\Microchip\xc8\v2.31\pic\sources\c90\common\awdiv.c estimated size: 105

shared
		__stringtab    		STRING         	1000	0000	16
		__powers_      		STRING         	1010	0000	39
		_dpowers       		STRING         	105E	0000	40
		__npowers_     		STRING         	1037	0000	39
		__initialization		CODE           	000F	0000	16

shared estimated size: 150

ADC.c
		_configADC     		CODE           	14B4	0000	233

ADC.c estimated size: 233

C:\Program Files\Microchip\xc8\v2.31\pic\sources\c90\common\Umul8.c
		___bmul        		CODE           	1DCD	0000	23

C:\Program Files\Microchip\xc8\v2.31\pic\sources\c90\common\Umul8.c estimated size: 23

C:\Program Files\Microchip\xc8\v2.31\pic\sources\c90\common\awtoft.c
		___awtoft      		CODE           	1EB2	0000	41

C:\Program Files\Microchip\xc8\v2.31\pic\sources\c90\common\awtoft.c estimated size: 41

C:\Program Files\Microchip\xc8\v2.31\pic\sources\c90\common\fttol.c
		___fttol       		CODE           	1343	0000	140

C:\Program Files\Microchip\xc8\v2.31\pic\sources\c90\common\fttol.c estimated size: 140

C:\Program Files\Microchip\xc8\v2.31\pic\sources\c90\common\ftadd.c
		___ftadd       		CODE           	16CA	0000	310

C:\Program Files\Microchip\xc8\v2.31\pic\sources\c90\common\ftadd.c estimated size: 310

main.c
		_ISR           		CODE           	1E89	0000	41
		_main          		CODE           	0668	0000	314
		_setup         		CODE           	1DB8	0000	21

main.c estimated size: 376

C:\Program Files\Microchip\xc8\v2.31\pic\sources\c90\common\lltoft.c
		___lltoft      		CODE           	10A9	0000	51

C:\Program Files\Microchip\xc8\v2.31\pic\sources\c90\common\lltoft.c estimated size: 51

LCD.c
		_CMDs          		CODE           	1E1E	0000	32
		_pin           		CODE           	1F7C	0000	62
		_write_char    		CODE           	1DE4	0000	28
		_write_string  		CODE           	10DC	0000	70
		_clear_LCD     		CODE           	1D99	0000	13
		_cursor        		CODE           	1E63	0000	38
		_configLCD     		CODE           	1249	0000	120

LCD.c estimated size: 363

